
Lmod is automatically replacing "gnu9/9.3.0" with "gnu10/10.3.0-ya".


Inactive Modules:
  1) hwloc/2.1.0     2) libfabric     3) openmpi4

The following have been reloaded with a version change:
  1) ucx/1.12.1-4g => ucx/1.12.1-o7

  0%|          | 0/10000 [00:00<?, ?it/s]  0%|          | 1/10000 [00:00<17:45,  9.39it/s]  1%|          | 53/10000 [00:00<00:33, 299.44it/s]  1%|          | 105/10000 [00:00<00:24, 397.20it/s]  2%|▏         | 157/10000 [00:00<00:22, 443.77it/s]  2%|▏         | 209/10000 [00:00<00:20, 469.77it/s]  3%|▎         | 261/10000 [00:00<00:20, 485.63it/s]  3%|▎         | 312/10000 [00:00<00:19, 492.13it/s]  4%|▎         | 364/10000 [00:00<00:19, 500.33it/s]  4%|▍         | 416/10000 [00:00<00:18, 506.00it/s]  5%|▍         | 468/10000 [00:01<00:18, 509.52it/s]  5%|▌         | 520/10000 [00:01<00:18, 511.86it/s]  6%|▌         | 572/10000 [00:01<00:18, 513.90it/s]  6%|▋         | 625/10000 [00:01<00:18, 515.81it/s]  7%|▋         | 678/10000 [00:01<00:18, 517.42it/s]  7%|▋         | 730/10000 [00:01<00:17, 517.79it/s]  8%|▊         | 782/10000 [00:01<00:17, 518.34it/s]  8%|▊         | 834/10000 [00:01<00:17, 518.61it/s]  9%|▉         | 886/10000 [00:01<00:17, 518.64it/s]  9%|▉         | 938/10000 [00:01<00:17, 518.77it/s] 10%|▉         | 991/10000 [00:02<00:17, 519.13it/s] 10%|█         | 1043/10000 [00:02<00:17, 519.06it/s] 11%|█         | 1096/10000 [00:02<00:17, 519.37it/s] 11%|█▏        | 1148/10000 [00:02<00:17, 519.36it/s] 12%|█▏        | 1201/10000 [00:02<00:16, 520.23it/s] 13%|█▎        | 1254/10000 [00:02<00:16, 520.44it/s] 13%|█▎        | 1307/10000 [00:02<00:16, 521.49it/s] 14%|█▎        | 1360/10000 [00:02<00:16, 520.56it/s] 14%|█▍        | 1413/10000 [00:02<00:16, 520.82it/s] 15%|█▍        | 1466/10000 [00:02<00:16, 520.89it/s] 15%|█▌        | 1519/10000 [00:03<00:16, 520.88it/s] 16%|█▌        | 1572/10000 [00:03<00:16, 521.39it/s] 16%|█▋        | 1625/10000 [00:03<00:16, 521.83it/s] 17%|█▋        | 1678/10000 [00:03<00:15, 521.22it/s] 17%|█▋        | 1731/10000 [00:03<00:15, 521.41it/s] 18%|█▊        | 1784/10000 [00:03<00:15, 521.95it/s] 18%|█▊        | 1837/10000 [00:03<00:15, 522.44it/s] 19%|█▉        | 1890/10000 [00:03<00:15, 522.29it/s] 19%|█▉        | 1943/10000 [00:03<00:15, 522.09it/s] 20%|█▉        | 1996/10000 [00:03<00:15, 521.85it/s] 20%|██        | 2049/10000 [00:04<00:15, 521.45it/s] 21%|██        | 2102/10000 [00:04<00:15, 521.47it/s] 22%|██▏       | 2155/10000 [00:04<00:15, 521.18it/s] 22%|██▏       | 2208/10000 [00:04<00:14, 520.86it/s] 23%|██▎       | 2261/10000 [00:04<00:14, 520.51it/s] 23%|██▎       | 2314/10000 [00:04<00:14, 520.73it/s] 24%|██▎       | 2367/10000 [00:04<00:14, 521.65it/s] 24%|██▍       | 2420/10000 [00:04<00:14, 521.74it/s] 25%|██▍       | 2473/10000 [00:04<00:14, 521.59it/s] 25%|██▌       | 2526/10000 [00:04<00:14, 521.19it/s] 26%|██▌       | 2579/10000 [00:05<00:14, 520.82it/s] 26%|██▋       | 2632/10000 [00:05<00:14, 521.14it/s] 27%|██▋       | 2685/10000 [00:05<00:14, 520.71it/s] 27%|██▋       | 2738/10000 [00:05<00:13, 518.94it/s] 28%|██▊       | 2790/10000 [00:05<00:13, 518.98it/s] 28%|██▊       | 2842/10000 [00:05<00:13, 519.04it/s] 29%|██▉       | 2895/10000 [00:05<00:13, 519.51it/s] 29%|██▉       | 2948/10000 [00:05<00:13, 519.89it/s] 30%|███       | 3000/10000 [00:05<00:13, 518.82it/s] 31%|███       | 3052/10000 [00:05<00:13, 518.84it/s] 31%|███       | 3105/10000 [00:06<00:13, 519.32it/s] 32%|███▏      | 3157/10000 [00:06<00:13, 519.18it/s] 32%|███▏      | 3209/10000 [00:06<00:13, 519.07it/s] 33%|███▎      | 3261/10000 [00:06<00:12, 519.24it/s] 33%|███▎      | 3313/10000 [00:06<00:12, 519.08it/s] 34%|███▎      | 3365/10000 [00:06<00:12, 519.26it/s] 34%|███▍      | 3417/10000 [00:06<00:12, 518.16it/s] 35%|███▍      | 3469/10000 [00:06<00:12, 516.90it/s] 35%|███▌      | 3521/10000 [00:06<00:12, 516.67it/s] 36%|███▌      | 3573/10000 [00:06<00:12, 516.05it/s] 36%|███▋      | 3625/10000 [00:07<00:12, 516.02it/s] 37%|███▋      | 3677/10000 [00:07<00:12, 515.78it/s] 37%|███▋      | 3729/10000 [00:07<00:12, 515.48it/s] 38%|███▊      | 3781/10000 [00:07<00:12, 514.98it/s] 38%|███▊      | 3833/10000 [00:07<00:11, 514.77it/s] 39%|███▉      | 3885/10000 [00:07<00:11, 514.81it/s] 39%|███▉      | 3937/10000 [00:07<00:11, 514.40it/s] 40%|███▉      | 3989/10000 [00:07<00:11, 514.98it/s] 40%|████      | 4041/10000 [00:07<00:11, 514.87it/s] 41%|████      | 4093/10000 [00:07<00:11, 514.28it/s] 41%|████▏     | 4145/10000 [00:08<00:11, 514.18it/s] 42%|████▏     | 4197/10000 [00:08<00:11, 515.50it/s] 42%|████▏     | 4249/10000 [00:08<00:11, 515.49it/s] 43%|████▎     | 4301/10000 [00:08<00:11, 515.47it/s] 44%|████▎     | 4353/10000 [00:08<00:10, 515.08it/s] 44%|████▍     | 4405/10000 [00:08<00:10, 515.07it/s] 45%|████▍     | 4457/10000 [00:08<00:10, 515.09it/s] 45%|████▌     | 4509/10000 [00:08<00:10, 514.14it/s] 46%|████▌     | 4561/10000 [00:08<00:10, 514.67it/s] 46%|████▌     | 4613/10000 [00:09<00:10, 514.16it/s] 47%|████▋     | 4665/10000 [00:09<00:10, 514.15it/s] 47%|████▋     | 4717/10000 [00:09<00:10, 514.02it/s] 48%|████▊     | 4769/10000 [00:09<00:10, 514.56it/s] 48%|████▊     | 4821/10000 [00:09<00:10, 515.15it/s] 49%|████▊     | 4873/10000 [00:09<00:09, 515.81it/s] 49%|████▉     | 4925/10000 [00:09<00:09, 515.77it/s] 50%|████▉     | 4977/10000 [00:09<00:09, 514.88it/s] 50%|█████     | 5029/10000 [00:09<00:09, 515.77it/s] 51%|█████     | 5081/10000 [00:09<00:09, 515.83it/s] 51%|█████▏    | 5133/10000 [00:10<00:09, 514.80it/s] 52%|█████▏    | 5185/10000 [00:10<00:09, 515.82it/s] 52%|█████▏    | 5237/10000 [00:10<00:09, 515.08it/s] 53%|█████▎    | 5289/10000 [00:10<00:09, 515.11it/s] 53%|█████▎    | 5341/10000 [00:10<00:09, 514.83it/s] 54%|█████▍    | 5393/10000 [00:10<00:08, 514.24it/s] 54%|█████▍    | 5445/10000 [00:10<00:08, 513.99it/s] 55%|█████▍    | 5497/10000 [00:10<00:08, 513.13it/s] 55%|█████▌    | 5549/10000 [00:10<00:08, 513.95it/s] 56%|█████▌    | 5601/10000 [00:10<00:08, 514.27it/s] 57%|█████▋    | 5653/10000 [00:11<00:08, 514.20it/s] 57%|█████▋    | 5705/10000 [00:11<00:08, 514.24it/s] 58%|█████▊    | 5757/10000 [00:11<00:08, 513.59it/s] 58%|█████▊    | 5809/10000 [00:11<00:08, 514.16it/s] 59%|█████▊    | 5861/10000 [00:11<00:08, 514.27it/s] 59%|█████▉    | 5913/10000 [00:11<00:07, 514.81it/s] 60%|█████▉    | 5965/10000 [00:11<00:07, 515.63it/s] 60%|██████    | 6017/10000 [00:11<00:07, 516.14it/s] 61%|██████    | 6069/10000 [00:11<00:07, 516.41it/s] 61%|██████    | 6121/10000 [00:11<00:07, 515.98it/s] 62%|██████▏   | 6173/10000 [00:12<00:07, 515.66it/s] 62%|██████▏   | 6225/10000 [00:12<00:07, 515.93it/s] 63%|██████▎   | 6277/10000 [00:12<00:07, 515.98it/s] 63%|██████▎   | 6329/10000 [00:12<00:07, 515.90it/s] 64%|██████▍   | 6381/10000 [00:12<00:07, 516.07it/s] 64%|██████▍   | 6433/10000 [00:12<00:06, 516.34it/s] 65%|██████▍   | 6485/10000 [00:12<00:06, 514.85it/s] 65%|██████▌   | 6537/10000 [00:12<00:06, 514.66it/s] 66%|██████▌   | 6589/10000 [00:12<00:06, 513.86it/s] 66%|██████▋   | 6641/10000 [00:12<00:06, 514.48it/s] 67%|██████▋   | 6693/10000 [00:13<00:06, 514.22it/s] 67%|██████▋   | 6745/10000 [00:13<00:06, 512.76it/s] 68%|██████▊   | 6797/10000 [00:13<00:06, 513.81it/s] 68%|██████▊   | 6849/10000 [00:13<00:06, 514.96it/s] 69%|██████▉   | 6901/10000 [00:13<00:06, 514.79it/s] 70%|██████▉   | 6953/10000 [00:13<00:05, 515.08it/s] 70%|███████   | 7005/10000 [00:13<00:05, 514.49it/s] 71%|███████   | 7057/10000 [00:13<00:05, 513.73it/s] 71%|███████   | 7109/10000 [00:13<00:05, 514.40it/s] 72%|███████▏  | 7161/10000 [00:13<00:05, 513.76it/s] 72%|███████▏  | 7213/10000 [00:14<00:05, 514.36it/s] 73%|███████▎  | 7265/10000 [00:14<00:05, 513.98it/s] 73%|███████▎  | 7317/10000 [00:14<00:05, 514.26it/s] 74%|███████▎  | 7369/10000 [00:14<00:05, 514.34it/s] 74%|███████▍  | 7421/10000 [00:14<00:05, 514.36it/s] 75%|███████▍  | 7473/10000 [00:14<00:04, 514.97it/s] 75%|███████▌  | 7525/10000 [00:14<00:04, 515.21it/s] 76%|███████▌  | 7577/10000 [00:14<00:04, 516.43it/s] 76%|███████▋  | 7629/10000 [00:14<00:04, 516.21it/s] 77%|███████▋  | 7681/10000 [00:14<00:04, 516.12it/s] 77%|███████▋  | 7733/10000 [00:15<00:04, 516.87it/s] 78%|███████▊  | 7785/10000 [00:15<00:04, 515.81it/s] 78%|███████▊  | 7837/10000 [00:15<00:04, 515.24it/s] 79%|███████▉  | 7889/10000 [00:15<00:04, 514.63it/s] 79%|███████▉  | 7941/10000 [00:15<00:03, 514.75it/s] 80%|███████▉  | 7993/10000 [00:15<00:03, 514.55it/s] 80%|████████  | 8045/10000 [00:15<00:03, 515.19it/s] 81%|████████  | 8097/10000 [00:15<00:03, 515.01it/s] 81%|████████▏ | 8149/10000 [00:15<00:03, 514.61it/s] 82%|████████▏ | 8201/10000 [00:15<00:03, 515.53it/s] 83%|████████▎ | 8253/10000 [00:16<00:03, 515.37it/s] 83%|████████▎ | 8305/10000 [00:16<00:03, 515.33it/s] 84%|████████▎ | 8357/10000 [00:16<00:03, 514.47it/s] 84%|████████▍ | 8409/10000 [00:16<00:03, 514.50it/s] 85%|████████▍ | 8461/10000 [00:16<00:02, 515.01it/s] 85%|████████▌ | 8514/10000 [00:16<00:02, 516.89it/s] 86%|████████▌ | 8566/10000 [00:16<00:02, 515.86it/s] 86%|████████▌ | 8618/10000 [00:16<00:02, 516.08it/s] 87%|████████▋ | 8670/10000 [00:16<00:02, 515.14it/s] 87%|████████▋ | 8722/10000 [00:16<00:02, 514.52it/s] 88%|████████▊ | 8774/10000 [00:17<00:02, 514.25it/s] 88%|████████▊ | 8826/10000 [00:17<00:02, 514.38it/s] 89%|████████▉ | 8878/10000 [00:17<00:02, 514.40it/s] 89%|████████▉ | 8930/10000 [00:17<00:02, 514.75it/s] 90%|████████▉ | 8982/10000 [00:17<00:01, 514.16it/s] 90%|█████████ | 9034/10000 [00:17<00:01, 515.07it/s] 91%|█████████ | 9086/10000 [00:17<00:01, 514.44it/s] 91%|█████████▏| 9138/10000 [00:17<00:01, 514.54it/s] 92%|█████████▏| 9190/10000 [00:17<00:01, 514.32it/s] 92%|█████████▏| 9242/10000 [00:17<00:01, 515.13it/s] 93%|█████████▎| 9294/10000 [00:18<00:01, 515.82it/s] 93%|█████████▎| 9346/10000 [00:18<00:01, 514.96it/s] 94%|█████████▍| 9398/10000 [00:18<00:01, 514.80it/s] 94%|█████████▍| 9450/10000 [00:18<00:01, 514.82it/s] 95%|█████████▌| 9502/10000 [00:18<00:00, 515.64it/s] 96%|█████████▌| 9554/10000 [00:18<00:00, 515.14it/s] 96%|█████████▌| 9606/10000 [00:18<00:00, 514.72it/s] 97%|█████████▋| 9658/10000 [00:18<00:00, 513.94it/s] 97%|█████████▋| 9710/10000 [00:18<00:00, 513.03it/s] 98%|█████████▊| 9762/10000 [00:19<00:00, 513.29it/s] 98%|█████████▊| 9814/10000 [00:19<00:00, 514.01it/s] 99%|█████████▊| 9866/10000 [00:19<00:00, 514.08it/s] 99%|█████████▉| 9918/10000 [00:19<00:00, 513.48it/s]100%|█████████▉| 9970/10000 [00:19<00:00, 514.06it/s]100%|██████████| 10000/10000 [00:19<00:00, 513.64it/s]
